DEPRECATED: The legacy builder is deprecated and will be removed in a future release.
            Install the buildx component to build images with BuildKit:
            https://docs.docker.com/go/buildx/

Sending build context to Docker daemon  2.859MB
Step 1/24 : FROM ros:humble-ros-base-jammy
 ---> 1813d3c85d7f
Step 2/24 : ARG WITH_TOOLS=0
 ---> Using cache
 ---> d53e4e116091
Step 3/24 : ENV DEBIAN_FRONTEND=noninteractive     PIP_NO_CACHE_DIR=1     PIP_DISABLE_PIP_VERSION_CHECK=1     PYTHONUNBUFFERED=1     OMP_NUM_THREADS=1     OPENBLAS_NUM_THREADS=1     MKL_NUM_THREADS=1
 ---> Using cache
 ---> e4372686fb5a
Step 4/24 : RUN apt-get update && apt-get install -y --no-install-recommends         python3-pip python3-numpy python3-yaml g++         ros-humble-vision-msgs ros-humble-nav-msgs ros-humble-tf2-ros-py         ros-humble-rviz2 ros-humble-rosbag2         ros-humble-rosbag2-storage-default-plugins ros-humble-rosbag2-storage-mcap         ros-humble-foxglove-bridge     && rm -rf /var/lib/apt/lists/*
 ---> Using cache
 ---> 092b59dd0cd7
Step 5/24 : WORKDIR /opt/resense
 ---> Using cache
 ---> f74ac2ca7841
Step 6/24 : COPY pyproject.toml setup.py README.md ./
 ---> 1770f7ea4fd7
Step 7/24 : COPY native ./native
 ---> 78e198dedc16
Step 8/24 : COPY resense ./resense
 ---> 0cd298f1e96f
Step 9/24 : COPY configs ./configs
 ---> ce12bfbd1e9b
Step 10/24 : RUN pip3 install --upgrade "pip>=24"     && pip3 install "numpy==1.26.4" "scipy==1.13.1" "scikit-learn==1.5.2" "pyyaml==6.0.2"     && pip3 install --no-deps .     && cd / && python3 -c "import resense, resense.detector, resense._native as n; print('resense', resense.__version__, resense.__file__, n.status())"
 ---> Running in 201ff92b7410
Collecting pip>=24
  Downloading pip-26.2.1-py3-none-any.whl (1.8 MB)
     ━━━━━━━━━━━━━━━━━━━━━━━━━━━━━━━━━━━━━━━━ 1.8/1.8 MB 16.8 MB/s eta 0:00:00
Installing collected packages: pip
  Attempting uninstall: pip
    Found existing installation: pip 22.0.2
    Not uninstalling pip at /usr/lib/python3/dist-packages, outside environment /usr
    Can't uninstall 'pip'. No files were found to uninstall.
Successfully installed pip-26.2.1
[91mWARNING: Running pip as the 'root' user can result in broken permissions and conflicting behaviour with the system package manager. It is recommended to use a virtual environment instead: https://pip.pypa.io/warnings/venv
[0mCollecting numpy==1.26.4
  Downloading numpy-1.26.4-cp310-cp310-manylinux_2_17_x86_64.manylinux2014_x86_64.whl.metadata (61 kB)
Collecting scipy==1.13.1
  Downloading scipy-1.13.1-cp310-cp310-manylinux_2_17_x86_64.manylinux2014_x86_64.whl.metadata (60 kB)
Collecting scikit-learn==1.5.2
  Downloading scikit_learn-1.5.2-cp310-cp310-manylinux_2_17_x86_64.manylinux2014_x86_64.whl.metadata (13 kB)
Collecting pyyaml==6.0.2
  Downloading PyYAML-6.0.2-cp310-cp310-manylinux_2_17_x86_64.manylinux2014_x86_64.whl.metadata (2.1 kB)
Collecting joblib>=1.2.0 (from scikit-learn==1.5.2)
  Downloading joblib-1.6.0-py3-none-any.whl.metadata (6.5 kB)
Collecting threadpoolctl>=3.1.0 (from scikit-learn==1.5.2)
  Downloading threadpoolctl-3.7.0-py3-none-any.whl.metadata (24 kB)
Collecting cloudpickle>=3.0 (from joblib>=1.2.0->scikit-learn==1.5.2)
  Downloading cloudpickle-3.1.2-py3-none-any.whl.metadata (7.1 kB)
Downloading numpy-1.26.4-cp310-cp310-manylinux_2_17_x86_64.manylinux2014_x86_64.whl (18.2 MB)
   ━━━━━━━━━━━━━━━━━━━━━━━━━━━━━━━━━━━━━━━━ 18.2/18.2 MB 36.7 MB/s  0:00:00
Downloading scipy-1.13.1-cp310-cp310-manylinux_2_17_x86_64.manylinux2014_x86_64.whl (38.6 MB)
   ━━━━━━━━━━━━━━━━━━━━━━━━━━━━━━━━━━━━━━━━ 38.6/38.6 MB 36.6 MB/s  0:00:01
Downloading scikit_learn-1.5.2-cp310-cp310-manylinux_2_17_x86_64.manylinux2014_x86_64.whl (13.3 MB)
   ━━━━━━━━━━━━━━━━━━━━━━━━━━━━━━━━━━━━━━━━ 13.3/13.3 MB 36.6 MB/s  0:00:00
Downloading PyYAML-6.0.2-cp310-cp310-manylinux_2_17_x86_64.manylinux2014_x86_64.whl (751 kB)
   ━━━━━━━━━━━━━━━━━━━━━━━━━━━━━━━━━━━━━━━━ 751.2/751.2 kB 36.7 MB/s  0:00:00
Downloading joblib-1.6.0-py3-none-any.whl (306 kB)
Downloading cloudpickle-3.1.2-py3-none-any.whl (22 kB)
Downloading threadpoolctl-3.7.0-py3-none-any.whl (26 kB)
Installing collected packages: threadpoolctl, pyyaml, numpy, cloudpickle, scipy, joblib, scikit-learn
  Attempting uninstall: pyyaml
    Found existing installation: PyYAML 5.4.1
    Uninstalling PyYAML-5.4.1:
      Successfully uninstalled PyYAML-5.4.1
  Attempting uninstall: numpy
    Found existing installation: numpy 1.21.5
    Uninstalling numpy-1.21.5:
      Successfully uninstalled numpy-1.21.5

Successfully installed cloudpickle-3.1.2 joblib-1.6.0 numpy-1.26.4 pyyaml-6.0.2 scikit-learn-1.5.2 scipy-1.13.1 threadpoolctl-3.7.0
[91mWARNING: Running pip as the 'root' user can result in broken permissions and conflicting behaviour with the system package manager, possibly rendering your system unusable. It is recommended to use a virtual environment instead: https://pip.pypa.io/warnings/venv. Use the --root-user-action option if you know what you are doing and want to suppress this warning.
[0mProcessing ./.
  Installing build dependencies: started
  Installing build dependencies: finished with status 'done'
  Getting requirements to build wheel: started
  Getting requirements to build wheel: finished with status 'done'
  Preparing metadata (pyproject.toml): started
  Preparing metadata (pyproject.toml): finished with status 'done'
Building wheels for collected packages: resense
  Building wheel for resense (pyproject.toml): started
  Building wheel for resense (pyproject.toml): finished with status 'done'
  Created wheel for resense: filename=resense-1.0.0-cp310-cp310-linux_x86_64.whl size=164849 sha256=e405145f9627be64893687489b59bcb492b26f18c94ceb6a0d5b03efe4fed77d
  Stored in directory: /tmp/pip-ephem-wheel-cache-uoo78urn/wheels/31/af/f2/b23fb9c6260190af3c7acec185d72bb6e9652784d861e70930
Successfully built resense
Installing collected packages: resense
Successfully installed resense-1.0.0
[91mWARNING: Running pip as the 'root' user can result in broken permissions and conflicting behaviour with the system package manager, possibly rendering your system unusable. It is recommended to use a virtual environment instead: https://pip.pypa.io/warnings/venv. Use the --root-user-action option if you know what you are doing and want to suppress this warning.
[0mresense 1.0.0 /usr/local/lib/python3.10/dist-packages/resense/__init__.py native (_resense_native.cpython-310-x86_64-linux-gnu.so)
 ---> Removed intermediate container 201ff92b7410
 ---> 47dda2856881
Step 11/24 : COPY tests ./tests
 ---> 5028ccedd1eb
Step 12/24 : COPY scripts ./scripts
 ---> c10e82b0f05f
Step 13/24 : RUN if [ "$WITH_TOOLS" = "1" ]; then         pip3 install "rosbags==0.10.11" "zstandard==0.25.0" "matplotlib==3.10.7" "open3d==0.19.0" "pytest==8.4.2";     fi
 ---> Running in e6995b9968d5
 ---> Removed intermediate container e6995b9968d5
 ---> c42eae8c3973
Step 14/24 : COPY ros2_ws/src /opt/resense/ros2_ws/src
 ---> 38d530e7cd10
Step 15/24 : COPY configs/default.yaml /opt/resense/ros2_ws/src/resense_ros/config/detector.yaml
 ---> de5eddcb428b
Step 16/24 : RUN . /opt/ros/humble/setup.sh && cd /opt/resense/ros2_ws && colcon build --symlink-install
 ---> Running in 3d5269fc7271
Starting >>> resense_ros
Finished <<< resense_ros [0.57s]

Summary: 1 package finished [0.67s]
 ---> Removed intermediate container 3d5269fc7271
 ---> d1038111d15f
Step 17/24 : COPY labels/doubleT_obstacle.json ./labels/doubleT_obstacle.json
 ---> 229fc38faefa
Step 18/24 : COPY docker/entrypoint.sh /entrypoint.sh
 ---> 1b26edad6b92
Step 19/24 : RUN chmod +x /entrypoint.sh
 ---> Running in 6d9cd70057b3
 ---> Removed intermediate container 6d9cd70057b3
 ---> 17aead0b563a
Step 20/24 : COPY docker/fastdds_udp.xml docker/fastdds_shm_udp.xml docker/dds_transport.sh docker/fastdds_shm_share.py /opt/resense/
 ---> 69e83259a475
Step 21/24 : ENV FASTRTPS_DEFAULT_PROFILES_FILE=/opt/resense/fastdds_udp.xml
 ---> Running in fe051fbb4b52
 ---> Removed intermediate container fe051fbb4b52
 ---> cac9958d8a16
Step 22/24 : ENTRYPOINT ["/entrypoint.sh"]
 ---> Running in c375e35ca8fa
 ---> Removed intermediate container c375e35ca8fa
 ---> 16659234bfaf
Step 23/24 : CMD ["ros2", "launch", "resense_ros", "detector.launch.py"]
 ---> Running in 92332108c256
 ---> Removed intermediate container 92332108c256
 ---> 70c0b68bdfa7
Step 24/24 : LABEL org.opencontainers.image.revision=0145cbb8dd26b3777084aedb3945f49dda741caf
 ---> Running in 21e66ccc51fd
 ---> Removed intermediate container 21e66ccc51fd
 ---> 9919631de63f
Successfully built 9919631de63f
Successfully tagged resense:quality-candidate
