[INFO] [1790457535.776751273] [resense_detector]: sensor mount: forward=-y left=+x up=+z roll/pitch/yaw=0.0/0.0/0.0 deg; auto-calibration on
[INFO] [1790457535.787242859] [resense_detector]: ReSense detector listening on /lidar_points, /sensing/lidar/hesai128/pointcloud; input reliability auto; per-frame kernels: native (_resense_native.cpython-310-x86_64-linux-gnu.so); resense 1.0.0
[INFO] [1790457536.903930688] [resense_detector]: input 1: /lidar_points (frame_id=lidar, 127145 points)
[INFO] [1790457536.904454139] [resense_detector]: static TF resense_lidar -> lidar (identity)
[INFO] [1790457536.919789451] [resense_detector]: mount calibration: pending - 
[INFO] [1790457537.787803913] [resense_detector]: frame 5: GO; freshness current; axis y=+0.25 R=inf; 2.5 fps; latency mean 16 / p95 17 / max 18 ms; input period 100 ms; dropped 0 (0 skipped by the catch-up)
[INFO] [1790457539.577659851] [resense_detector]: 0.4 s of recording waiting: catching up, one frame every 0.3 s of recording
[INFO] [1790457539.603426267] [resense_detector]: caught up in 0.0 s: 3 frames processed, 4 skipped, at most 0.4 s of recording behind
[INFO] [1790457539.787807846] [resense_detector]: frame 9: FAULT; freshness source_stale; axis y=+0.25 R=inf; 2.0 fps; latency mean 12 / p95 12 / max 12 ms; input period 100 ms; dropped 4 (4 skipped by the catch-up)
[INFO] [1790457541.905014114] [resense_detector]: frame 14: FAULT: last result expired (> 0.5 s source/residence age): path not monitored; 2.4 fps; latency mean 13 / p95 15 / max 15 ms; input period 100 ms; dropped 4 (4 skipped by the catch-up)
[INFO] [1790457543.499039344] [resense_detector]: 0.4 s of recording waiting: catching up, one frame every 0.3 s of recording
[INFO] [1790457543.529616164] [resense_detector]: caught up in 0.0 s: 3 frames processed, 4 skipped, at most 0.4 s of recording behind
[INFO] [1790457543.787868268] [resense_detector]: frame 21: GO; freshness current; axis y=+0.25 R=inf; 3.7 fps; latency mean 13 / p95 15 / max 15 ms; input period 100 ms; dropped 8 (8 skipped by the catch-up)
[INFO] [1790457545.856476786] [resense_detector]: frame 30: STOP at 40.0 m; freshness current; axis y=+0.25 R=-277952; 4.4 fps; latency mean 15 / p95 16 / max 17 ms; input period 100 ms; dropped 8 (8 skipped by the catch-up)
[INFO] [1790457547.788340930] [resense_detector]: frame 35: STOP: last result expired (> 0.5 s source/residence age): path not monitored; 2.6 fps; latency mean 14 / p95 15 / max 15 ms; input period 100 ms; dropped 8 (8 skipped by the catch-up)
[INFO] [1790457548.046064135] [resense_detector]: input 2: /sensing/lidar/hesai128/pointcloud (frame_id=another_lidar, 127145 points) - input switched from /lidar_points: detector restarted
[INFO] [1790457548.046557910] [resense_detector]: static TF resense_lidar -> another_lidar (identity)
[INFO] [1790457548.059898275] [resense_detector]: mount calibration: pending - 
[INFO] [1790457549.335055462] [resense_detector]: input 3: /sensing/lidar/hesai128/pointcloud (frame_id=another_lidar, 127145 points) - header stamps jumped by -4.5 s (a new recording): detector restarted
[INFO] [1790457549.348445099] [resense_detector]: mount calibration: pending - 
[INFO] [1790457549.787538102] [resense_detector]: frame 44: GO; freshness current; axis y=+0.25 R=inf; 4.5 fps; latency mean 15 / p95 15 / max 15 ms; input period 100 ms; dropped 8 (8 skipped by the catch-up)
{
  "checks": [
    {
      "name": "first frame epoch invalid",
      "passed": true
    },
    {
      "name": "steady historical replay becomes current with publication UTC",
      "passed": true
    },
    {
      "name": "later DDS backlog fails closed on source age",
      "passed": true
    },
    {
      "name": "fresh progression recovers",
      "passed": true
    },
    {
      "name": "pause expires GO",
      "passed": true
    },
    {
      "name": "resume first frame invalid then recovers",
      "passed": true
    },
    {
      "name": "current burst cannot GO while behind",
      "passed": true
    },
    {
      "name": "detector STOP on synthetic obstacle fixture",
      "passed": true
    },
    {
      "name": "watchdog preserves STOP with invalid monitoring",
      "passed": true
    },
    {
      "name": "input switch first frame retains STOP",
      "passed": true
    },
    {
      "name": "fresh clear switched recording releases STOP",
      "passed": true
    },
    {
      "name": "backward jump invalidates epoch",
      "passed": true
    },
    {
      "name": "no invalid GO anywhere",
      "passed": true
    },
    {
      "name": "invalid monitored range always zero",
      "passed": true
    },
    {
      "name": "final metadata and strict runtime contract",
      "passed": true
    }
  ],
  "passed": true,
  "frames": 45,
  "snapshots": 7,
  "stock_profile": true,
  "rmw": "rmw_fastrtps_cpp",
  "node_sha256": "95d1721d3b3238a0fa0358f98740a83b6069404411767e94bd5dd227d2de9274"
}
