== playing as user 1000:1000 (stock Fast DDS settings) from a separate container: roundT_doubleT then doubleT_obstacle
[detector_node-1] [INFO] [1790458151.787533500] [resense_detector]: ReSense detector listening on /lidar_points, /sensing/lidar/hesai128/pointcloud (+ auto-discovery); input reliability auto; per-frame kernels: native (_
[detector_node-1] [INFO] [1790458162.164524834] [resense_detector]: input 1: /lidar_points (frame_id=hesai_lidar, 307200 points)
[detector_node-1] [INFO] [1790458197.175854374] [resense_detector]: input 2: /sensing/lidar/hesai128/pointcloud (frame_id=lidar_livox, 921600 points) - input switched from /lidar_points: detector restarted
status messages      : 404 (47 lines skipped)
alarm frames         : 162
detector alarm frames: 162 (held STOP excluded from positive evidence)
obstacle distance    : 55.6 .. 56.5 m
latency decode+detect: mean 25 / p95 35 / max 43 ms
detector stage total : mean 12 / p95 17 ms
dropped input frames : 49 (42 of them skipped by the node's catch-up); 33 after the first 5 s
dropped input settle : start-up catch-up back on the newest frame at +2.7 s; drops counted after +5.0 s (the later of 5 s and that, at most 15 s)
fps (last report)    : 9.5
start of the input   : 35 frames in the first 5 s after the first one, largest gap 0.3 s
freshness contract  : PASS
recordings seen      : 2 ['/lidar_points', '/sensing/lidar/hesai128/pointcloud']

PASS: all dry-run criteria met

== stock Fast DDS client (uid 1000): player and listener without the image's profile
player   DDS uid=1000 RMW_IMPLEMENTATION=rmw_fastrtps_cpp FASTRTPS_DEFAULT_PROFILES_FILE=unset FASTDDS_DEFAULT_PROFILES_FILE=unset cwd=/tmp/tmp.NZwlpN9uw3 profile_in_cwd=none fastrtps=2.6.12-1jammy.20260723.233918
listener DDS uid=1000 RMW_IMPLEMENTATION=rmw_fastrtps_cpp FASTRTPS_DEFAULT_PROFILES_FILE=unset FASTDDS_DEFAULT_PROFILES_FILE=unset cwd=/tmp/tmp.1JIe8fbAQ3 profile_in_cwd=none fastrtps=2.6.12-1jammy.20260723.233918
PLAY bag=roundT_doubleT rc=0 new_shm_files=5
PLAY bag=doubleT_obstacle rc=0 new_shm_files=5
UDP datagrams this host received while the player ran: 136062; over UDP the bags' 6836119533 bytes alone would need at least 104368 (65500-byte datagrams; information)
listener /resense/decision: 451 messages, 170 STOP
PASS: a stock Fast DDS player and listener (shared memory on) reached the UDP-only node
