[INFO] [launch]: All log files can be found below /root/.ros/log/2026-09-28-19-34-39-664826-runnervm3p1d5-22
[INFO] [launch]: Default logging verbosity is set to INFO
[INFO] [detector_node-1]: process started with pid [26]
[detector_node-1] [INFO] [1790624080.432708412] [resense_detector]: sensor mount: forward=-y left=+x up=+z roll/pitch/yaw=0.0/0.0/0.0 deg; auto-calibration on
[detector_node-1] [INFO] [1790624080.462912435] [resense_detector]: ReSense detector listening on /lidar_points, /sensing/lidar/hesai128/pointcloud (+ auto-discovery); input reliability auto; per-frame kernels: native (_resense_native.cpython-310-x86_64-linux-gnu.so); resense 1.0.0
[detector_node-1] [INFO] [1790624087.951989135] [resense_detector]: 0.8 s of recording waiting: catching up, one frame every 0.3 s of recording
[detector_node-1] [INFO] [1790624087.952490621] [resense_detector]: input 1: /lidar_points (frame_id=hesai_lidar, 307200 points)
[detector_node-1] [INFO] [1790624087.953189827] [resense_detector]: static TF resense_lidar -> hesai_lidar (identity)
[detector_node-1] [INFO] [1790624087.988252786] [resense_detector]: mount calibration: pending - 
[detector_node-1] [INFO] [1790624088.317569439] [resense_detector]: caught up in 0.4 s: 12 frames processed, 0 skipped, at most 0.8 s of recording behind
[detector_node-1] [INFO] [1790624088.463295841] [resense_detector]: frame 14: GO; freshness current; axis y=+0.02 R=30286; 7.0 fps; latency mean 31 / p95 35 / max 36 ms; input period 100 ms; dropped 0 (0 skipped by the catch-up); CPU 0.30 cores
[detector_node-1] [INFO] [1790624090.465449181] [resense_detector]: frame 34: GO; freshness current; axis y=-0.01 R=-112590; 10.0 fps; latency mean 29 / p95 33 / max 37 ms; input period 100 ms; dropped 0 (0 skipped by the catch-up); CPU 0.34 cores
[detector_node-1] [INFO] [1790624092.463390820] [resense_detector]: frame 54: GO; freshness current; axis y=-0.01 R=-87141; 10.0 fps; latency mean 28 / p95 34 / max 36 ms; input period 100 ms; dropped 0 (0 skipped by the catch-up); CPU 0.33 cores
[detector_node-1] [INFO] [1790624094.463299588] [resense_detector]: frame 74: GO; freshness current; axis y=-0.04 R=-3081; 10.0 fps; latency mean 27 / p95 34 / max 38 ms; input period 100 ms; dropped 0 (0 skipped by the catch-up); CPU 0.32 cores
[detector_node-1] [INFO] [1790624096.463379975] [resense_detector]: frame 94: CAUTION; freshness current; axis y=-0.01 R=-1276; 10.0 fps; latency mean 28 / p95 33 / max 34 ms; input period 100 ms; dropped 0 (0 skipped by the catch-up); CPU 0.32 cores
[detector_node-1] [INFO] [1790624098.463437463] [resense_detector]: frame 114: CAUTION; freshness current; axis y=+0.04 R=-1440; 10.0 fps; latency mean 31 / p95 35 / max 36 ms; input period 100 ms; dropped 0 (0 skipped by the catch-up); CPU 0.35 cores
[detector_node-1] [INFO] [1790624100.463395616] [resense_detector]: frame 134: CAUTION; freshness current; axis y=+0.02 R=-1589; 10.0 fps; latency mean 29 / p95 34 / max 37 ms; input period 100 ms; dropped 0 (0 skipped by the catch-up); CPU 0.34 cores
[detector_node-1] [INFO] [1790624102.463449624] [resense_detector]: frame 154: CAUTION; freshness current; axis y=+0.02 R=-1430; 10.0 fps; latency mean 29 / p95 34 / max 35 ms; input period 100 ms; dropped 0 (0 skipped by the catch-up); CPU 0.34 cores
[detector_node-1] [INFO] [1790624104.464008849] [resense_detector]: frame 174: CAUTION; freshness current; axis y=-0.03 R=-733; 10.0 fps; latency mean 29 / p95 34 / max 35 ms; input period 100 ms; dropped 0 (0 skipped by the catch-up); CPU 0.34 cores
[detector_node-1] [INFO] [1790624106.156949554] [resense_detector]: mount calibration: identity - configured mapping confirmed
[detector_node-1] [INFO] [1790624106.463389258] [resense_detector]: frame 194: CAUTION; freshness current; axis y=-0.07 R=-2577; 10.0 fps; latency mean 29 / p95 33 / max 34 ms; input period 100 ms; dropped 0 (0 skipped by the catch-up); CPU 0.34 cores
[detector_node-1] [INFO] [1790624108.463296520] [resense_detector]: frame 214: GO; freshness current; axis y=-0.06 R=-25379; 10.0 fps; latency mean 28 / p95 31 / max 35 ms; input period 100 ms; dropped 0 (0 skipped by the catch-up); CPU 0.33 cores
[detector_node-1] [INFO] [1790624110.463569070] [resense_detector]: frame 234: CAUTION; freshness current; axis y=-0.01 R=25798; 10.0 fps; latency mean 26 / p95 28 / max 30 ms; input period 100 ms; dropped 0 (0 skipped by the catch-up); CPU 0.31 cores
[detector_node-1] [INFO] [1790624112.463723320] [resense_detector]: frame 252: CAUTION; freshness current; axis y=-0.01 R=-14040; 9.0 fps; latency mean 27 / p95 32 / max 32 ms; input period 100 ms; dropped 0 (0 skipped by the catch-up); CPU 0.29 cores
